<html>
<head>
	<title>Microsoft .NET Framework SDK Samples</title>
    <style>
        a:hover { color:#ff0000; }
    </style>
</head>
<body topmargin="0" leftmargin="0">
<P style="MARGIN-LEFT: 10px">
    <span style="FONT-WEIGHT: bold; FONT-SIZE: medium; FONT-STYLE: normal; FONT-FAMILY: Tahoma, Verdana, Arial, Helvetica; TEXT-ALIGN: left" align="left">.NET Framework SDK Samples</span> <BR><FONT 
face=Tahoma size=2><BR>The Microsoft .NET Framework SDK samples demonstrate how to 
write applications and components that use the Microsoft .NET technologies. 
</FONT></P>
<BLOCKQUOTE dir=ltr style="MARGIN-LEFT: 10px; MARGIN-RIGHT: 0px">
  <BLOCKQUOTE dir=ltr style="MARGIN-RIGHT: 0px">
  <DIV 
  style="FONT-WEIGHT: normal; FONT-SIZE: x-small; MARGIN-LEFT: 10px; FONT-FAMILY: Tahoma, Verdana, Arial, Helvetica" 
  align=left><A name=Automated_Install href="#Explore">Explore the 
  Samples</A></DIV>
  <DIV 
  style="FONT-WEIGHT: normal; FONT-SIZE: x-small; MARGIN-LEFT: 10px; FONT-FAMILY: Tahoma, Verdana, Arial, Helvetica" 
  align=left><A href="#Remove">Removing the Samples</A></DIV>
  <DIV 
  style="FONT-WEIGHT: normal; FONT-SIZE: x-small; MARGIN-LEFT: 10px; FONT-FAMILY: Tahoma, Verdana, Arial, Helvetica" 
  align=left><A href="#Details">Samples Setup -- Configuration Details</A></DIV>
  <DIV 
  style="FONT-WEIGHT: normal; FONT-SIZE: x-small; MARGIN-LEFT: 10px; FONT-FAMILY: Tahoma, Verdana, Arial, Helvetica" 
  align=left><A href="#Setup">Saved Setup Page</A><BR></DIV>
  <DIV 
  style="FONT-WEIGHT: normal; FONT-SIZE: x-small; MARGIN-LEFT: 10px; FONT-FAMILY: Tahoma, Verdana, Arial, Helvetica" 
  align=left><A href="#Win9x">Windows 9X Notes</A><BR></DIV></BLOCKQUOTE></BLOCKQUOTE>
<P style="MARGIN-LEFT: 10px"></P>

<p style="MARGIN-LEFT: 10px">
    <div align="left" style="FONT-WEIGHT: bold; FONT-SIZE: x-small; MARGIN-LEFT: 10px; FONT-STYLE: normal; FONT-FAMILY: Tahoma, Verdana, Arial, Helvetica; TEXT-ALIGN: left"><FONT size=3><A 
name=Explore><FONT size=3>Explore The Samples</FONT></A>  </FONT></div>
<BLOCKQUOTE>
<DIV 
style="FONT-WEIGHT: bold; FONT-SIZE: x-small; MARGIN-LEFT: 10px; FONT-STYLE: normal; FONT-FAMILY: Tahoma, Verdana, Arial, Helvetica; TEXT-ALIGN: left" 
align=left><a name="quickstarts">.NET Framework SDK Quick Starts<a></DIV>
<DIV style="MARGIN-LEFT: 10px">
    <ul>
        <li><a href="quickstart/default.htm" alt="Welcome to the .NET Framework Quick Start Tutorials"  target="_new" align="left" style="FONT-WEIGHT: normal; FONT-SIZE: x-small; FONT-FAMILY: Tahoma, Verdana, Arial, Helvetica">Welcome to the .NET Framework Quick Start Tutorials</a>
        <li><a href="quickstart/aspplus/default.htm" alt="ASP.NET Quick Start Tutorial" target="_new"   align="left" style="FONT-WEIGHT: normal; FONT-SIZE: x-small; FONT-FAMILY: Tahoma, Verdana, Arial, Helvetica">ASP.NET Quick Start Tutorial</a>
        <li><a href="quickstart/Winforms/default.htm" alt="Windows Forms Quick Start Tutorial"  target="_new" align="left" style="FONT-WEIGHT: normal; FONT-SIZE: x-small; FONT-FAMILY: Tahoma, Verdana, Arial, Helvetica">Windows Forms Quick Start Tutorial</a></li>
    </ul></DIV>
<P></P>

<p>
    <div align="left" style="FONT-WEIGHT: bold; FONT-SIZE: x-small; MARGIN-LEFT: 10px; FONT-STYLE: normal; FONT-FAMILY: Tahoma, Verdana, Arial, Helvetica; TEXT-ALIGN: left"><a name="howtos">.NET Framework SDK How tos<a></div>
    <ul>
        <li><a href="quickstart/howto/default.htm" alt=".NET Framework How to Tutorials"  target="_new" align="left" style="FONT-WEIGHT: normal; FONT-SIZE: x-small; FONT-FAMILY: Tahoma, Verdana, Arial, Helvetica">.NET Framework How to Tutorials</a></li>
    </ul>
<P>&nbsp;</P></BLOCKQUOTE><FONT size=3><STRONG><STRONG>
<DIV 
style="FONT-WEIGHT: normal; FONT-SIZE: x-small; MARGIN-LEFT: 10px; FONT-STYLE: normal; FONT-FAMILY: Tahoma, Verdana, Arial, Helvetica; TEXT-ALIGN: left" 
align=left><STRONG><FONT size=3><A name=Remove><STRONG><FONT size=3>Removing the 
Samples</FONT></STRONG></A>  </FONT></STRONG></DIV>
<DIV 
style="FONT-WEIGHT: normal; FONT-SIZE: x-small; MARGIN-LEFT: 10px; FONT-STYLE: normal; FONT-FAMILY: Tahoma, Verdana, Arial, Helvetica; TEXT-ALIGN: left" 
align=left>Use the Add/Remove Program applet in the Windows Control Panel to 
uninstall the Microsoft .NET Framework SDK Samples.&nbsp; Add/Remove Programs 
can also be used to remove MSDE.</DIV>
<DIV 
style="FONT-WEIGHT: normal; FONT-SIZE: x-small; MARGIN-LEFT: 10px; FONT-STYLE: normal; FONT-FAMILY: Tahoma, Verdana, Arial, Helvetica; TEXT-ALIGN: left" 
align=left>&nbsp;</DIV>
<DIV 
style="FONT-WEIGHT: normal; FONT-SIZE: x-small; MARGIN-LEFT: 10px; FONT-STYLE: normal; FONT-FAMILY: Tahoma, Verdana, Arial, Helvetica; TEXT-ALIGN: left" 
align=left>&nbsp;</DIV>
<DIV 
style="FONT-WEIGHT: normal; FONT-SIZE: x-small; MARGIN-LEFT: 10px; FONT-STYLE: normal; FONT-FAMILY: Tahoma, Verdana, Arial, Helvetica; TEXT-ALIGN: left" 
align=left><FONT size=3><STRONG><A name=Details><FONT size=3><STRONG>Samples Setup -- 
Configuration Details</STRONG></FONT></A>    
</STRONG></FONT></DIV>
<DIV 
style="FONT-WEIGHT: normal; FONT-SIZE: x-small; MARGIN-LEFT: 10px; FONT-STYLE: normal; FONT-FAMILY: Tahoma, Verdana, Arial, Helvetica; TEXT-ALIGN: left" 
align=left> For a detailed listing of the configuration steps the SDK 
samples setup program performed, <A href="ConfigDetails.htm">click 
here</A>.</DIV></STRONG></STRONG></FONT>
<DIV 
style="FONT-WEIGHT: normal; FONT-SIZE: x-small; MARGIN-LEFT: 10px; FONT-STYLE: normal; FONT-FAMILY: Tahoma, Verdana, Arial, Helvetica; TEXT-ALIGN: left" 
align=left>&nbsp;</DIV>
<DIV 
style="FONT-WEIGHT: normal; FONT-SIZE: x-small; MARGIN-LEFT: 10px; FONT-STYLE: normal; FONT-FAMILY: Tahoma, Verdana, Arial, Helvetica; TEXT-ALIGN: left" 
align=left><STRONG></STRONG>&nbsp;</DIV>
<DIV 
style="FONT-WEIGHT: normal; FONT-SIZE: x-small; MARGIN-LEFT: 10px; FONT-STYLE: normal; FONT-FAMILY: Tahoma, Verdana, Arial, Helvetica; TEXT-ALIGN: left" 
align=left><STRONG><FONT size=3><STRONG><FONT size=3><A name=Setup><STRONG><FONT size=3><STRONG><FONT size=3>Saved Setup Page</FONT></STRONG></A><A 
name=Saved></FONT></STRONG></A>  
</FONT></STRONG></A></FONT></STRONG></DIV>
<DIV 
style="FONT-WEIGHT: normal; FONT-SIZE: x-small; MARGIN-LEFT: 10px; FONT-STYLE: normal; FONT-FAMILY: Tahoma, Verdana, Arial, Helvetica; TEXT-ALIGN: left" 
align=left>The samples setup updated this page, removing the setup instructions 
and activating links to the individual samples.&nbsp; The original setup 
instructions are saved <A href="Setup.htm">here</A>.</DIV>
<DIV 
style="FONT-WEIGHT: normal; FONT-SIZE: x-small; MARGIN-LEFT: 10px; FONT-STYLE: normal; FONT-FAMILY: Tahoma, Verdana, Arial, Helvetica; TEXT-ALIGN: left" 
align=left><STRONG></STRONG>&nbsp;</DIV>
<DIV 
style="FONT-WEIGHT: normal; FONT-SIZE: x-small; MARGIN-LEFT: 10px; FONT-STYLE: normal; FONT-FAMILY: Tahoma, Verdana, Arial, Helvetica; TEXT-ALIGN: left" 
align=left><STRONG></STRONG>&nbsp;</DIV>
<DIV 
style="FONT-WEIGHT: normal; FONT-SIZE: x-small; MARGIN-LEFT: 10px; FONT-STYLE: normal; FONT-FAMILY: Tahoma, Verdana, Arial, Helvetica; TEXT-ALIGN: left" 
align=left><STRONG><FONT size=3><STRONG><FONT size=3><A name=Win9x><STRONG><FONT size=3><STRONG><FONT size=3>Windows 9X Notes</FONT></STRONG></A></FONT></STRONG>
</FONT></STRONG></A></FONT></STRONG></DIV>
<DIV 
style="FONT-WEIGHT: normal; FONT-SIZE: x-small; MARGIN-LEFT: 10px; FONT-STYLE: normal; FONT-FAMILY: Tahoma, Verdana, Arial, Helvetica; TEXT-ALIGN: left" 
align=left>
Some samples may not function until the SDK Tools are properly configured.  See the SDK Release Notes for further information.</DIV>
<DIV 
style="FONT-WEIGHT: normal; FONT-SIZE: x-small; MARGIN-LEFT: 10px; FONT-STYLE: normal; FONT-FAMILY: Tahoma, Verdana, Arial, Helvetica; TEXT-ALIGN: left" 
align=left>&nbsp;</DIV>
<DIV 
style="FONT-WEIGHT: normal; FONT-SIZE: x-small; MARGIN-LEFT: 10px; FONT-STYLE: normal; FONT-FAMILY: Tahoma, Verdana, Arial, Helvetica; TEXT-ALIGN: left" 
align=left>&nbsp;</DIV>
<DIV 
style="FONT-WEIGHT: normal; FONT-SIZE: x-small; MARGIN-LEFT: 10px; FONT-STYLE: normal; FONT-FAMILY: Tahoma, Verdana, Arial, Helvetica; TEXT-ALIGN: left" 
align=left>&nbsp;</DIV>
<DIV 
style="FONT-WEIGHT: bold; FONT-SIZE: x-small; MARGIN-LEFT: 10px; FONT-STYLE: normal; FONT-FAMILY: Tahoma, Verdana, Arial, Helvetica; TEXT-ALIGN: left" 
align=left><br>
<DIV 
style="FONT-WEIGHT: normal; FONT-SIZE: x-small; MARGIN-LEFT: 10px; FONT-STYLE: normal; FONT-FAMILY: Tahoma, Verdana, Arial, Helvetica; TEXT-ALIGN: left" 
align=left><STRONG><FONT size=3><SPAN 
style="FONT-WEIGHT: bold; FONT-SIZE: xx-small; FONT-STYLE: normal; FONT-FAMILY: Tahoma, Verdana, Arial, Helvetica; TEXT-ALIGN: left"></SPAN></FONT></STRONG>&nbsp;</DIV>
<DIV 
style="FONT-WEIGHT: normal; FONT-SIZE: x-small; MARGIN-LEFT: 10px; FONT-STYLE: normal; FONT-FAMILY: Tahoma, Verdana, Arial, Helvetica; TEXT-ALIGN: left" 
align=left><STRONG><FONT size=3><SPAN 
style="FONT-WEIGHT: bold; FONT-SIZE: xx-small; FONT-STYLE: normal; FONT-FAMILY: Tahoma, Verdana, Arial, Helvetica; TEXT-ALIGN: left">* 
Note: </SPAN><SPAN 
style="FONT-WEIGHT: normal; FONT-SIZE: xx-small; FONT-STYLE: normal; FONT-FAMILY: Tahoma, Verdana, Arial, Helvetica; TEXT-ALIGN: left">The 
SDK Tutorials are stored as Microsoft Word 2000 documents. If you do not have a 
viewer capable of loading Word 2000 documents, you can download the Word 2000 
Viewer from Microsoft by clicking on the following link: <A 
target="_top" href="http://support.microsoft.com/support/kb/articles/q165/9/08.asp?FinishURL=%2Fdownloads%2Frelease%2Easp%3FReleaseID%3D13791%26redirect%3Dno" 
alt="How to Obtain Microsoft Word Viewers">How to Obtain Microsoft Word 
Viewers</A> <BR> </SPAN><BR></DIV></FONT></STRONG><STRONG><FONT 
size=3></FONT></STRONG></DIV><HR 
style="FONT-WEIGHT: bold; FONT-SIZE: x-small; MARGIN-LEFT: 10px; FONT-STYLE: normal; FONT-FAMILY: Tahoma, Verdana, Arial, Helvetica; TEXT-ALIGN: left" 
align=left>

<DIV 
style="FONT-WEIGHT: bold; FONT-SIZE: x-small; MARGIN-LEFT: 10px; FONT-STYLE: normal; FONT-FAMILY: Tahoma, Verdana, Arial, Helvetica; TEXT-ALIGN: left" 
align=left>
  <span style="FONT-WEIGHT: normal; FONT-SIZE: 8pt; FONT-STYLE: normal; FONT-FAMILY: Tahoma, Verdana, Arial, Helvetica">Copyright © 2000 Microsoft Corporation. All rights reserved.</span> </DIV>
<DIV 
style="FONT-WEIGHT: bold; FONT-SIZE: x-small; MARGIN-LEFT: 10px; FONT-STYLE: normal; FONT-FAMILY: Tahoma, Verdana, Arial, Helvetica; TEXT-ALIGN: left" 
align=left>
  <br>&nbsp;</DIV>

</body>
</html>
